WARNING: Running pip as the 'root' user can result in broken permissions and conflicting behaviour with the system package manager, possibly rendering your system unusable. It is recommended to use a virtual environment instead: https://pip.pypa.io/warnings/venv. Use the --root-user-action option if you know what you are doing and want to suppress this warning.
W0713 19:35:37.625000 4130 torch/distributed/run.py:774] 
W0713 19:35:37.625000 4130 torch/distributed/run.py:774] *****************************************
W0713 19:35:37.625000 4130 torch/distributed/run.py:774] Setting OMP_NUM_THREADS environment variable for each process to be 1 in default, to avoid your system being overloaded, please further tune the variable for optimal performance in your application as needed. 
W0713 19:35:37.625000 4130 torch/distributed/run.py:774] *****************************************
6562 chars loaded (ddp=True, world=2)
loading Chandra vision tower: datalab-to/chandra
Warning: You are sending unauthenticated requests to the HF Hub. Please set a HF_TOKEN to enable higher rate limits and faster downloads.
Warning: You are sending unauthenticated requests to the HF Hub. Please set a HF_TOKEN to enable higher rate limits and faster downloads.
[transformers] `torch_dtype` is deprecated! Use `dtype` instead!
Loading weights:   0%|          | 0/750 [00:00<?, ?it/s]Loading weights: 100%|██████████| 750/750 [00:00<00:00, 10501.72it/s]
[transformers] `torch_dtype` is deprecated! Use `dtype` instead!
Loading weights:   0%|          | 0/750 [00:00<?, ?it/s]Loading weights: 100%|██████████| 750/750 [00:00<00:00, 12243.28it/s]
trainable params: 63.20M
  ep0 step0/2461 overall=0.0249 q=0.0343 rev=0.7189 ord=0.6633
  ep0 step20/2461 overall=0.0201 q=0.0374 rev=0.4487 ord=0.2177
  ep0 step40/2461 overall=0.0196 q=0.0363 rev=0.4483 ord=0.1935
  ep0 step60/2461 overall=0.0199 q=0.0369 rev=0.4483 ord=0.1840
  ep0 step80/2461 overall=0.0195 q=0.0365 rev=0.4463 ord=0.1805
  ep0 step100/2461 overall=0.0196 q=0.0363 rev=0.4460 ord=0.1758
  ep0 step120/2461 overall=0.0197 q=0.0364 rev=0.4486 ord=0.1771
  ep0 step140/2461 overall=0.0191 q=0.0359 rev=0.4462 ord=0.1765
  ep0 step160/2461 overall=0.0186 q=0.0355 rev=0.4471 ord=0.1772
  ep0 step180/2461 overall=0.0180 q=0.0351 rev=0.4468 ord=0.1766
  ep0 step200/2461 overall=0.0175 q=0.0347 rev=0.4470 ord=0.1754
  ep0 step220/2461 overall=0.0170 q=0.0344 rev=0.4462 ord=0.1731
  ep0 step240/2461 overall=0.0166 q=0.0343 rev=0.4471 ord=0.1733
  ep0 step260/2461 overall=0.0161 q=0.0340 rev=0.4453 ord=0.1725
  ep0 step280/2461 overall=0.0157 q=0.0337 rev=0.4452 ord=0.1712
  ep0 step300/2461 overall=0.0153 q=0.0335 rev=0.4448 ord=0.1695
  ep0 step320/2461 overall=0.0151 q=0.0332 rev=0.4446 ord=0.1684
  ep0 step340/2461 overall=0.0148 q=0.0329 rev=0.4436 ord=0.1679
  ep0 step360/2461 overall=0.0145 q=0.0327 rev=0.4432 ord=0.1671
  ep0 step380/2461 overall=0.0143 q=0.0324 rev=0.4431 ord=0.1664
  ep0 step400/2461 overall=0.0140 q=0.0322 rev=0.4440 ord=0.1664
  ep0 step420/2461 overall=0.0137 q=0.0319 rev=0.4433 ord=0.1670
  ep0 step440/2461 overall=0.0135 q=0.0315 rev=0.4430 ord=0.1674
  ep0 step460/2461 overall=0.0132 q=0.0312 rev=0.4425 ord=0.1669
  ep0 step480/2461 overall=0.0130 q=0.0310 rev=0.4418 ord=0.1667
  ep0 step500/2461 overall=0.0129 q=0.0306 rev=0.4419 ord=0.1658
  ep0 step520/2461 overall=0.0127 q=0.0304 rev=0.4416 ord=0.1661
  ep0 step540/2461 overall=0.0125 q=0.0302 rev=0.4415 ord=0.1662
  ep0 step560/2461 overall=0.0123 q=0.0299 rev=0.4413 ord=0.1662
  ep0 step580/2461 overall=0.0122 q=0.0297 rev=0.4409 ord=0.1657
  ep0 step600/2461 overall=0.0120 q=0.0295 rev=0.4409 ord=0.1652
  ep0 step620/2461 overall=0.0118 q=0.0292 rev=0.4404 ord=0.1650
  ep0 step640/2461 overall=0.0117 q=0.0291 rev=0.4401 ord=0.1648
  ep0 step660/2461 overall=0.0116 q=0.0289 rev=0.4399 ord=0.1647
  ep0 step680/2461 overall=0.0114 q=0.0286 rev=0.4398 ord=0.1644
  ep0 step700/2461 overall=0.0113 q=0.0285 rev=0.4397 ord=0.1640
  ep0 step720/2461 overall=0.0113 q=0.0284 rev=0.4395 ord=0.1641
  ep0 step740/2461 overall=0.0112 q=0.0283 rev=0.4390 ord=0.1641
  ep0 step760/2461 overall=0.0111 q=0.0282 rev=0.4390 ord=0.1644
  ep0 step780/2461 overall=0.0110 q=0.0280 rev=0.4392 ord=0.1653
  ep0 step800/2461 overall=0.0109 q=0.0279 rev=0.4387 ord=0.1653
  ep0 step820/2461 overall=0.0108 q=0.0277 rev=0.4383 ord=0.1653
  ep0 step840/2461 overall=0.0107 q=0.0276 rev=0.4383 ord=0.1654
  ep0 step860/2461 overall=0.0106 q=0.0275 rev=0.4383 ord=0.1649
  ep0 step880/2461 overall=0.0106 q=0.0274 rev=0.4383 ord=0.1651
  ep0 step900/2461 overall=0.0105 q=0.0273 rev=0.4386 ord=0.1645
  ep0 step920/2461 overall=0.0104 q=0.0272 rev=0.4387 ord=0.1642
  ep0 step940/2461 overall=0.0103 q=0.0271 rev=0.4385 ord=0.1642
  ep0 step960/2461 overall=0.0102 q=0.0270 rev=0.4384 ord=0.1637
  ep0 step980/2461 overall=0.0102 q=0.0269 rev=0.4384 ord=0.1637
  ep0 step1000/2461 overall=0.0101 q=0.0268 rev=0.4383 ord=0.1633
  ep0 step1020/2461 overall=0.0100 q=0.0267 rev=0.4386 ord=0.1635
  ep0 step1040/2461 overall=0.0100 q=0.0266 rev=0.4384 ord=0.1636
  ep0 step1060/2461 overall=0.0099 q=0.0265 rev=0.4384 ord=0.1639
  ep0 step1080/2461 overall=0.0098 q=0.0265 rev=0.4382 ord=0.1633
  ep0 step1100/2461 overall=0.0098 q=0.0264 rev=0.4381 ord=0.1631
  ep0 step1120/2461 overall=0.0097 q=0.0263 rev=0.4380 ord=0.1632
  ep0 step1140/2461 overall=0.0096 q=0.0262 rev=0.4380 ord=0.1633
  ep0 step1160/2461 overall=0.0096 q=0.0261 rev=0.4379 ord=0.1634
  ep0 step1180/2461 overall=0.0096 q=0.0261 rev=0.4377 ord=0.1636
  ep0 step1200/2461 overall=0.0095 q=0.0260 rev=0.4375 ord=0.1637
  ep0 step1220/2461 overall=0.0095 q=0.0259 rev=0.4376 ord=0.1641
  ep0 step1240/2461 overall=0.0094 q=0.0259 rev=0.4375 ord=0.1642
  ep0 step1260/2461 overall=0.0094 q=0.0258 rev=0.4375 ord=0.1643
  ep0 step1280/2461 overall=0.0093 q=0.0257 rev=0.4376 ord=0.1644
  ep0 step1300/2461 overall=0.0093 q=0.0257 rev=0.4375 ord=0.1644
  ep0 step1320/2461 overall=0.0092 q=0.0256 rev=0.4374 ord=0.1640
  ep0 step1340/2461 overall=0.0092 q=0.0255 rev=0.4375 ord=0.1643
  ep0 step1360/2461 overall=0.0091 q=0.0255 rev=0.4376 ord=0.1643
  ep0 step1380/2461 overall=0.0091 q=0.0254 rev=0.4374 ord=0.1640
  ep0 step1400/2461 overall=0.0090 q=0.0253 rev=0.4373 ord=0.1638
  ep0 step1420/2461 overall=0.0090 q=0.0253 rev=0.4372 ord=0.1637
  ep0 step1440/2461 overall=0.0089 q=0.0252 rev=0.4372 ord=0.1637
  ep0 step1460/2461 overall=0.0089 q=0.0252 rev=0.4372 ord=0.1637
  ep0 step1480/2461 overall=0.0089 q=0.0251 rev=0.4373 ord=0.1637
  ep0 step1500/2461 overall=0.0088 q=0.0251 rev=0.4374 ord=0.1637
  ep0 step1520/2461 overall=0.0088 q=0.0250 rev=0.4373 ord=0.1637
  ep0 step1540/2461 overall=0.0088 q=0.0250 rev=0.4372 ord=0.1634
  ep0 step1560/2461 overall=0.0087 q=0.0249 rev=0.4371 ord=0.1632
  ep0 step1580/2461 overall=0.0087 q=0.0249 rev=0.4369 ord=0.1631
  ep0 step1600/2461 overall=0.0087 q=0.0249 rev=0.4369 ord=0.1630
  ep0 step1620/2461 overall=0.0087 q=0.0248 rev=0.4369 ord=0.1629
  ep0 step1640/2461 overall=0.0086 q=0.0248 rev=0.4370 ord=0.1630
  ep0 step1660/2461 overall=0.0086 q=0.0247 rev=0.4368 ord=0.1630
  ep0 step1680/2461 overall=0.0086 q=0.0247 rev=0.4367 ord=0.1630
  ep0 step1700/2461 overall=0.0085 q=0.0247 rev=0.4368 ord=0.1629
  ep0 step1720/2461 overall=0.0085 q=0.0246 rev=0.4370 ord=0.1630
  ep0 step1740/2461 overall=0.0085 q=0.0246 rev=0.4369 ord=0.1628
  ep0 step1760/2461 overall=0.0085 q=0.0246 rev=0.4369 ord=0.1629
  ep0 step1780/2461 overall=0.0084 q=0.0245 rev=0.4370 ord=0.1630
  ep0 step1800/2461 overall=0.0084 q=0.0245 rev=0.4371 ord=0.1631
  ep0 step1820/2461 overall=0.0084 q=0.0244 rev=0.4371 ord=0.1634
  ep0 step1840/2461 overall=0.0083 q=0.0244 rev=0.4370 ord=0.1633
  ep0 step1860/2461 overall=0.0083 q=0.0244 rev=0.4370 ord=0.1633
  ep0 step1880/2461 overall=0.0083 q=0.0243 rev=0.4371 ord=0.1633
  ep0 step1900/2461 overall=0.0083 q=0.0243 rev=0.4370 ord=0.1633
  ep0 step1920/2461 overall=0.0082 q=0.0243 rev=0.4368 ord=0.1634
  ep0 step1940/2461 overall=0.0082 q=0.0242 rev=0.4370 ord=0.1635
  ep0 step1960/2461 overall=0.0082 q=0.0242 rev=0.4370 ord=0.1636
  ep0 step1980/2461 overall=0.0082 q=0.0242 rev=0.4369 ord=0.1635
  ep0 step2000/2461 overall=0.0081 q=0.0241 rev=0.4367 ord=0.1636
  ep0 step2020/2461 overall=0.0081 q=0.0241 rev=0.4366 ord=0.1636
  ep0 step2040/2461 overall=0.0081 q=0.0241 rev=0.4367 ord=0.1637
  ep0 step2060/2461 overall=0.0081 q=0.0240 rev=0.4370 ord=0.1636
  ep0 step2080/2461 overall=0.0080 q=0.0240 rev=0.4370 ord=0.1634
  ep0 step2100/2461 overall=0.0080 q=0.0240 rev=0.4368 ord=0.1632
  ep0 step2120/2461 overall=0.0080 q=0.0239 rev=0.4369 ord=0.1630
  ep0 step2140/2461 overall=0.0080 q=0.0239 rev=0.4369 ord=0.1632
  ep0 step2160/2461 overall=0.0079 q=0.0239 rev=0.4369 ord=0.1632
  ep0 step2180/2461 overall=0.0079 q=0.0239 rev=0.4369 ord=0.1632
  ep0 step2200/2461 overall=0.0079 q=0.0238 rev=0.4370 ord=0.1631
  ep0 step2220/2461 overall=0.0079 q=0.0238 rev=0.4369 ord=0.1630
  ep0 step2240/2461 overall=0.0079 q=0.0238 rev=0.4370 ord=0.1630
  ep0 step2260/2461 overall=0.0078 q=0.0238 rev=0.4371 ord=0.1629
  ep0 step2280/2461 overall=0.0078 q=0.0237 rev=0.4371 ord=0.1630
  ep0 step2300/2461 overall=0.0078 q=0.0237 rev=0.4369 ord=0.1630
  ep0 step2320/2461 overall=0.0078 q=0.0237 rev=0.4367 ord=0.1628
  ep0 step2340/2461 overall=0.0078 q=0.0236 rev=0.4367 ord=0.1627
  ep0 step2360/2461 overall=0.0077 q=0.0236 rev=0.4365 ord=0.1629
  ep0 step2380/2461 overall=0.0077 q=0.0236 rev=0.4366 ord=0.1627
  ep0 step2400/2461 overall=0.0077 q=0.0236 rev=0.4367 ord=0.1629
  ep0 step2420/2461 overall=0.0077 q=0.0236 rev=0.4366 ord=0.1626
  ep0 step2440/2461 overall=0.0077 q=0.0235 rev=0.4366 ord=0.1626
  ep0 step2460/2461 overall=0.0077 q=0.0235 rev=0.4367 ord=0.1623
epoch 0: overall=0.0077 q=0.0235 rev=0.4367 ord=0.1623 (1715s)
/usr/local/lib/python3.12/dist-packages/torch/distributed/distributed_c10d.py:4807: UserWarning: No device id is provided via `init_process_group` or `barrier `. Using the current device set by the user. 
  warnings.warn(  # warn only once
checkpoint -> checkpoints/chandra_scorer.pt
/usr/local/lib/python3.12/dist-packages/torch/distributed/distributed_c10d.py:4807: UserWarning: No device id is provided via `init_process_group` or `barrier `. Using the current device set by the user. 
  warnings.warn(  # warn only once
  ep1 step0/2461 overall=0.0056 q=0.0240 rev=0.4591 ord=0.0362
  ep1 step20/2461 overall=0.0055 q=0.0205 rev=0.4305 ord=0.1479
  ep1 step40/2461 overall=0.0053 q=0.0210 rev=0.4352 ord=0.1467
  ep1 step60/2461 overall=0.0058 q=0.0217 rev=0.4395 ord=0.1464
  ep1 step80/2461 overall=0.0059 q=0.0216 rev=0.4391 ord=0.1499
  ep1 step100/2461 overall=0.0059 q=0.0215 rev=0.4383 ord=0.1518
  ep1 step120/2461 overall=0.0057 q=0.0211 rev=0.4350 ord=0.1492
  ep1 step140/2461 overall=0.0056 q=0.0209 rev=0.4329 ord=0.1515
  ep1 step160/2461 overall=0.0055 q=0.0209 rev=0.4331 ord=0.1532
  ep1 step180/2461 overall=0.0055 q=0.0208 rev=0.4321 ord=0.1520
  ep1 step200/2461 overall=0.0055 q=0.0209 rev=0.4315 ord=0.1547
  ep1 step220/2461 overall=0.0056 q=0.0209 rev=0.4308 ord=0.1541
  ep1 step240/2461 overall=0.0056 q=0.0210 rev=0.4311 ord=0.1540
  ep1 step260/2461 overall=0.0055 q=0.0209 rev=0.4300 ord=0.1542
  ep1 step280/2461 overall=0.0055 q=0.0208 rev=0.4300 ord=0.1540
  ep1 step300/2461 overall=0.0056 q=0.0208 rev=0.4302 ord=0.1539
  ep1 step320/2461 overall=0.0056 q=0.0208 rev=0.4300 ord=0.1541
  ep1 step340/2461 overall=0.0056 q=0.0209 rev=0.4304 ord=0.1535
  ep1 step360/2461 overall=0.0056 q=0.0209 rev=0.4312 ord=0.1524
  ep1 step380/2461 overall=0.0056 q=0.0209 rev=0.4306 ord=0.1520
  ep1 step400/2461 overall=0.0056 q=0.0208 rev=0.4314 ord=0.1527
  ep1 step420/2461 overall=0.0056 q=0.0208 rev=0.4313 ord=0.1529
  ep1 step440/2461 overall=0.0056 q=0.0208 rev=0.4311 ord=0.1531
  ep1 step460/2461 overall=0.0056 q=0.0208 rev=0.4322 ord=0.1539
  ep1 step480/2461 overall=0.0056 q=0.0208 rev=0.4319 ord=0.1531
  ep1 step500/2461 overall=0.0056 q=0.0208 rev=0.4319 ord=0.1546
  ep1 step520/2461 overall=0.0056 q=0.0208 rev=0.4319 ord=0.1555
  ep1 step540/2461 overall=0.0056 q=0.0208 rev=0.4329 ord=0.1555
  ep1 step560/2461 overall=0.0056 q=0.0208 rev=0.4331 ord=0.1556
  ep1 step580/2461 overall=0.0056 q=0.0208 rev=0.4332 ord=0.1555
  ep1 step600/2461 overall=0.0055 q=0.0207 rev=0.4329 ord=0.1553
  ep1 step620/2461 overall=0.0056 q=0.0207 rev=0.4335 ord=0.1555
  ep1 step640/2461 overall=0.0056 q=0.0208 rev=0.4333 ord=0.1553
  ep1 step660/2461 overall=0.0056 q=0.0208 rev=0.4334 ord=0.1549
  ep1 step680/2461 overall=0.0056 q=0.0208 rev=0.4339 ord=0.1546
  ep1 step700/2461 overall=0.0056 q=0.0207 rev=0.4342 ord=0.1553
  ep1 step720/2461 overall=0.0056 q=0.0208 rev=0.4346 ord=0.1553
  ep1 step740/2461 overall=0.0056 q=0.0208 rev=0.4344 ord=0.1559
  ep1 step760/2461 overall=0.0056 q=0.0208 rev=0.4345 ord=0.1562
  ep1 step780/2461 overall=0.0055 q=0.0208 rev=0.4343 ord=0.1562
  ep1 step800/2461 overall=0.0055 q=0.0207 rev=0.4344 ord=0.1565
  ep1 step820/2461 overall=0.0055 q=0.0207 rev=0.4349 ord=0.1569
  ep1 step840/2461 overall=0.0055 q=0.0208 rev=0.4353 ord=0.1569
  ep1 step860/2461 overall=0.0055 q=0.0208 rev=0.4359 ord=0.1565
  ep1 step880/2461 overall=0.0055 q=0.0208 rev=0.4361 ord=0.1568
  ep1 step900/2461 overall=0.0055 q=0.0208 rev=0.4359 ord=0.1562
  ep1 step920/2461 overall=0.0055 q=0.0207 rev=0.4355 ord=0.1562
  ep1 step940/2461 overall=0.0055 q=0.0207 rev=0.4350 ord=0.1566
  ep1 step960/2461 overall=0.0055 q=0.0207 rev=0.4353 ord=0.1567
  ep1 step980/2461 overall=0.0055 q=0.0207 rev=0.4350 ord=0.1570
  ep1 step1000/2461 overall=0.0055 q=0.0207 rev=0.4350 ord=0.1568
  ep1 step1020/2461 overall=0.0055 q=0.0207 rev=0.4353 ord=0.1569
  ep1 step1040/2461 overall=0.0055 q=0.0207 rev=0.4351 ord=0.1569
  ep1 step1060/2461 overall=0.0055 q=0.0207 rev=0.4352 ord=0.1569
  ep1 step1080/2461 overall=0.0055 q=0.0207 rev=0.4354 ord=0.1571
  ep1 step1100/2461 overall=0.0054 q=0.0207 rev=0.4359 ord=0.1569
  ep1 step1120/2461 overall=0.0055 q=0.0207 rev=0.4358 ord=0.1574
  ep1 step1140/2461 overall=0.0054 q=0.0207 rev=0.4360 ord=0.1572
  ep1 step1160/2461 overall=0.0054 q=0.0207 rev=0.4359 ord=0.1574
  ep1 step1180/2461 overall=0.0055 q=0.0207 rev=0.4360 ord=0.1577
  ep1 step1200/2461 overall=0.0054 q=0.0207 rev=0.4360 ord=0.1579
  ep1 step1220/2461 overall=0.0054 q=0.0207 rev=0.4361 ord=0.1582
  ep1 step1240/2461 overall=0.0054 q=0.0207 rev=0.4361 ord=0.1580
  ep1 step1260/2461 overall=0.0054 q=0.0207 rev=0.4362 ord=0.1584
  ep1 step1280/2461 overall=0.0054 q=0.0207 rev=0.4359 ord=0.1584
  ep1 step1300/2461 overall=0.0054 q=0.0207 rev=0.4359 ord=0.1583
  ep1 step1320/2461 overall=0.0054 q=0.0207 rev=0.4356 ord=0.1584
  ep1 step1340/2461 overall=0.0054 q=0.0207 rev=0.4354 ord=0.1582
  ep1 step1360/2461 overall=0.0054 q=0.0206 rev=0.4353 ord=0.1584
  ep1 step1380/2461 overall=0.0054 q=0.0207 rev=0.4355 ord=0.1584
  ep1 step1400/2461 overall=0.0054 q=0.0207 rev=0.4355 ord=0.1587
  ep1 step1420/2461 overall=0.0054 q=0.0207 rev=0.4355 ord=0.1585
  ep1 step1440/2461 overall=0.0054 q=0.0207 rev=0.4357 ord=0.1585
  ep1 step1460/2461 overall=0.0054 q=0.0206 rev=0.4354 ord=0.1583
  ep1 step1480/2461 overall=0.0054 q=0.0206 rev=0.4354 ord=0.1583
  ep1 step1500/2461 overall=0.0054 q=0.0206 rev=0.4355 ord=0.1585
  ep1 step1520/2461 overall=0.0054 q=0.0206 rev=0.4356 ord=0.1582
  ep1 step1540/2461 overall=0.0054 q=0.0206 rev=0.4356 ord=0.1586
  ep1 step1560/2461 overall=0.0054 q=0.0206 rev=0.4354 ord=0.1589
  ep1 step1580/2461 overall=0.0054 q=0.0206 rev=0.4355 ord=0.1592
  ep1 step1600/2461 overall=0.0054 q=0.0206 rev=0.4353 ord=0.1588
  ep1 step1620/2461 overall=0.0054 q=0.0206 rev=0.4353 ord=0.1588
  ep1 step1640/2461 overall=0.0054 q=0.0206 rev=0.4355 ord=0.1590
  ep1 step1660/2461 overall=0.0054 q=0.0206 rev=0.4352 ord=0.1590
  ep1 step1680/2461 overall=0.0054 q=0.0206 rev=0.4352 ord=0.1591
  ep1 step1700/2461 overall=0.0054 q=0.0206 rev=0.4353 ord=0.1591
  ep1 step1720/2461 overall=0.0054 q=0.0206 rev=0.4353 ord=0.1590
  ep1 step1740/2461 overall=0.0054 q=0.0206 rev=0.4354 ord=0.1589
  ep1 step1760/2461 overall=0.0054 q=0.0206 rev=0.4352 ord=0.1591
  ep1 step1780/2461 overall=0.0054 q=0.0206 rev=0.4351 ord=0.1591
  ep1 step1800/2461 overall=0.0054 q=0.0206 rev=0.4350 ord=0.1592
  ep1 step1820/2461 overall=0.0054 q=0.0206 rev=0.4350 ord=0.1592
  ep1 step1840/2461 overall=0.0054 q=0.0206 rev=0.4351 ord=0.1591
  ep1 step1860/2461 overall=0.0054 q=0.0206 rev=0.4351 ord=0.1590
  ep1 step1880/2461 overall=0.0054 q=0.0206 rev=0.4351 ord=0.1590
  ep1 step1900/2461 overall=0.0054 q=0.0206 rev=0.4349 ord=0.1589
  ep1 step1920/2461 overall=0.0054 q=0.0206 rev=0.4350 ord=0.1588
  ep1 step1940/2461 overall=0.0053 q=0.0206 rev=0.4350 ord=0.1587
  ep1 step1960/2461 overall=0.0054 q=0.0206 rev=0.4348 ord=0.1587
  ep1 step1980/2461 overall=0.0053 q=0.0206 rev=0.4347 ord=0.1587
  ep1 step2000/2461 overall=0.0053 q=0.0206 rev=0.4346 ord=0.1586
  ep1 step2020/2461 overall=0.0053 q=0.0206 rev=0.4348 ord=0.1587
  ep1 step2040/2461 overall=0.0053 q=0.0206 rev=0.4348 ord=0.1587
  ep1 step2060/2461 overall=0.0053 q=0.0206 rev=0.4349 ord=0.1587
  ep1 step2080/2461 overall=0.0053 q=0.0206 rev=0.4349 ord=0.1586
  ep1 step2100/2461 overall=0.0053 q=0.0206 rev=0.4350 ord=0.1588
  ep1 step2120/2461 overall=0.0053 q=0.0206 rev=0.4351 ord=0.1591
  ep1 step2140/2461 overall=0.0053 q=0.0206 rev=0.4353 ord=0.1591
  ep1 step2160/2461 overall=0.0053 q=0.0206 rev=0.4353 ord=0.1590
  ep1 step2180/2461 overall=0.0053 q=0.0206 rev=0.4353 ord=0.1589
  ep1 step2200/2461 overall=0.0053 q=0.0206 rev=0.4354 ord=0.1589
  ep1 step2220/2461 overall=0.0053 q=0.0206 rev=0.4354 ord=0.1590
  ep1 step2240/2461 overall=0.0053 q=0.0206 rev=0.4355 ord=0.1590
  ep1 step2260/2461 overall=0.0053 q=0.0206 rev=0.4356 ord=0.1590
  ep1 step2280/2461 overall=0.0053 q=0.0206 rev=0.4356 ord=0.1589
  ep1 step2300/2461 overall=0.0053 q=0.0206 rev=0.4357 ord=0.1588
  ep1 step2320/2461 overall=0.0053 q=0.0205 rev=0.4356 ord=0.1587
  ep1 step2340/2461 overall=0.0053 q=0.0205 rev=0.4356 ord=0.1586
  ep1 step2360/2461 overall=0.0053 q=0.0205 rev=0.4357 ord=0.1587
  ep1 step2380/2461 overall=0.0053 q=0.0205 rev=0.4357 ord=0.1587
  ep1 step2400/2461 overall=0.0053 q=0.0205 rev=0.4357 ord=0.1587
  ep1 step2420/2461 overall=0.0053 q=0.0205 rev=0.4357 ord=0.1587
  ep1 step2440/2461 overall=0.0053 q=0.0205 rev=0.4357 ord=0.1588
  ep1 step2460/2461 overall=0.0053 q=0.0205 rev=0.4357 ord=0.1587
epoch 1: overall=0.0053 q=0.0205 rev=0.4357 ord=0.1587 (1659s)
checkpoint -> checkpoints/chandra_scorer.pt
  ep2 step0/2461 overall=0.0061 q=0.0242 rev=0.4615 ord=0.1994
  ep2 step20/2461 overall=0.0060 q=0.0213 rev=0.4463 ord=0.1855
  ep2 step40/2461 overall=0.0056 q=0.0208 rev=0.4388 ord=0.1684
  ep2 step60/2461 overall=0.0053 q=0.0203 rev=0.4347 ord=0.1656
  ep2 step80/2461 overall=0.0050 q=0.0203 rev=0.4369 ord=0.1679
  ep2 step100/2461 overall=0.0049 q=0.0203 rev=0.4369 ord=0.1630
  ep2 step120/2461 overall=0.0050 q=0.0205 rev=0.4406 ord=0.1616
  ep2 step140/2461 overall=0.0051 q=0.0204 rev=0.4348 ord=0.1631
  ep2 step160/2461 overall=0.0052 q=0.0205 rev=0.4348 ord=0.1623
  ep2 step180/2461 overall=0.0051 q=0.0204 rev=0.4341 ord=0.1611
  ep2 step200/2461 overall=0.0051 q=0.0204 rev=0.4341 ord=0.1605
  ep2 step220/2461 overall=0.0050 q=0.0204 rev=0.4349 ord=0.1602
  ep2 step240/2461 overall=0.0050 q=0.0204 rev=0.4352 ord=0.1626
  ep2 step260/2461 overall=0.0050 q=0.0204 rev=0.4354 ord=0.1605
  ep2 step280/2461 overall=0.0051 q=0.0203 rev=0.4346 ord=0.1594
  ep2 step300/2461 overall=0.0050 q=0.0203 rev=0.4348 ord=0.1596
  ep2 step320/2461 overall=0.0051 q=0.0204 rev=0.4338 ord=0.1597
  ep2 step340/2461 overall=0.0051 q=0.0204 rev=0.4336 ord=0.1599
  ep2 step360/2461 overall=0.0051 q=0.0204 rev=0.4325 ord=0.1601
  ep2 step380/2461 overall=0.0052 q=0.0204 rev=0.4321 ord=0.1602
  ep2 step400/2461 overall=0.0052 q=0.0204 rev=0.4324 ord=0.1596
  ep2 step420/2461 overall=0.0052 q=0.0204 rev=0.4321 ord=0.1592
  ep2 step440/2461 overall=0.0052 q=0.0204 rev=0.4319 ord=0.1592
  ep2 step460/2461 overall=0.0052 q=0.0204 rev=0.4325 ord=0.1590
  ep2 step480/2461 overall=0.0052 q=0.0204 rev=0.4330 ord=0.1597
  ep2 step500/2461 overall=0.0051 q=0.0204 rev=0.4337 ord=0.1594
  ep2 step520/2461 overall=0.0051 q=0.0204 rev=0.4335 ord=0.1591
  ep2 step540/2461 overall=0.0051 q=0.0204 rev=0.4343 ord=0.1582
  ep2 step560/2461 overall=0.0051 q=0.0203 rev=0.4338 ord=0.1575
  ep2 step580/2461 overall=0.0051 q=0.0203 rev=0.4343 ord=0.1578
  ep2 step600/2461 overall=0.0052 q=0.0203 rev=0.4333 ord=0.1576
  ep2 step620/2461 overall=0.0052 q=0.0203 rev=0.4336 ord=0.1563
  ep2 step640/2461 overall=0.0052 q=0.0203 rev=0.4335 ord=0.1567
  ep2 step660/2461 overall=0.0052 q=0.0203 rev=0.4337 ord=0.1568
  ep2 step680/2461 overall=0.0052 q=0.0203 rev=0.4336 ord=0.1562
  ep2 step700/2461 overall=0.0052 q=0.0203 rev=0.4333 ord=0.1557
  ep2 step720/2461 overall=0.0052 q=0.0203 rev=0.4335 ord=0.1551
  ep2 step740/2461 overall=0.0052 q=0.0203 rev=0.4335 ord=0.1554
  ep2 step760/2461 overall=0.0052 q=0.0203 rev=0.4337 ord=0.1554
  ep2 step780/2461 overall=0.0053 q=0.0203 rev=0.4333 ord=0.1550
  ep2 step800/2461 overall=0.0053 q=0.0204 rev=0.4340 ord=0.1561
  ep2 step820/2461 overall=0.0052 q=0.0204 rev=0.4341 ord=0.1563
  ep2 step840/2461 overall=0.0053 q=0.0204 rev=0.4342 ord=0.1569
  ep2 step860/2461 overall=0.0052 q=0.0204 rev=0.4344 ord=0.1573
  ep2 step880/2461 overall=0.0052 q=0.0204 rev=0.4341 ord=0.1575
  ep2 step900/2461 overall=0.0052 q=0.0204 rev=0.4343 ord=0.1574
  ep2 step920/2461 overall=0.0052 q=0.0204 rev=0.4346 ord=0.1575
  ep2 step940/2461 overall=0.0052 q=0.0204 rev=0.4345 ord=0.1575
  ep2 step960/2461 overall=0.0052 q=0.0204 rev=0.4344 ord=0.1577
  ep2 step980/2461 overall=0.0052 q=0.0204 rev=0.4345 ord=0.1578
  ep2 step1000/2461 overall=0.0052 q=0.0204 rev=0.4346 ord=0.1580
  ep2 step1020/2461 overall=0.0052 q=0.0204 rev=0.4346 ord=0.1578
  ep2 step1040/2461 overall=0.0052 q=0.0204 rev=0.4345 ord=0.1573
  ep2 step1060/2461 overall=0.0052 q=0.0204 rev=0.4346 ord=0.1576
  ep2 step1080/2461 overall=0.0052 q=0.0204 rev=0.4350 ord=0.1577
  ep2 step1100/2461 overall=0.0052 q=0.0204 rev=0.4349 ord=0.1580
  ep2 step1120/2461 overall=0.0052 q=0.0204 rev=0.4348 ord=0.1579
  ep2 step1140/2461 overall=0.0052 q=0.0204 rev=0.4349 ord=0.1578
  ep2 step1160/2461 overall=0.0052 q=0.0204 rev=0.4350 ord=0.1576
  ep2 step1180/2461 overall=0.0052 q=0.0204 rev=0.4354 ord=0.1577
  ep2 step1200/2461 overall=0.0052 q=0.0204 rev=0.4354 ord=0.1576
  ep2 step1220/2461 overall=0.0052 q=0.0204 rev=0.4355 ord=0.1576
  ep2 step1240/2461 overall=0.0052 q=0.0204 rev=0.4357 ord=0.1575
  ep2 step1260/2461 overall=0.0052 q=0.0204 rev=0.4357 ord=0.1576
  ep2 step1280/2461 overall=0.0052 q=0.0204 rev=0.4356 ord=0.1577
  ep2 step1300/2461 overall=0.0052 q=0.0204 rev=0.4356 ord=0.1578
  ep2 step1320/2461 overall=0.0052 q=0.0203 rev=0.4356 ord=0.1580
  ep2 step1340/2461 overall=0.0051 q=0.0203 rev=0.4358 ord=0.1581
  ep2 step1360/2461 overall=0.0051 q=0.0203 rev=0.4360 ord=0.1582
  ep2 step1380/2461 overall=0.0051 q=0.0203 rev=0.4359 ord=0.1581
  ep2 step1400/2461 overall=0.0051 q=0.0203 rev=0.4357 ord=0.1582
  ep2 step1420/2461 overall=0.0051 q=0.0203 rev=0.4355 ord=0.1583
  ep2 step1440/2461 overall=0.0051 q=0.0203 rev=0.4357 ord=0.1585
  ep2 step1460/2461 overall=0.0051 q=0.0203 rev=0.4357 ord=0.1583
  ep2 step1480/2461 overall=0.0051 q=0.0203 rev=0.4358 ord=0.1583
  ep2 step1500/2461 overall=0.0051 q=0.0203 rev=0.4359 ord=0.1584
  ep2 step1520/2461 overall=0.0051 q=0.0203 rev=0.4358 ord=0.1587
  ep2 step1540/2461 overall=0.0051 q=0.0203 rev=0.4357 ord=0.1585
  ep2 step1560/2461 overall=0.0051 q=0.0203 rev=0.4354 ord=0.1584
  ep2 step1580/2461 overall=0.0051 q=0.0203 rev=0.4352 ord=0.1582
  ep2 step1600/2461 overall=0.0051 q=0.0203 rev=0.4352 ord=0.1584
  ep2 step1620/2461 overall=0.0051 q=0.0203 rev=0.4354 ord=0.1583
  ep2 step1640/2461 overall=0.0051 q=0.0203 rev=0.4359 ord=0.1584
  ep2 step1660/2461 overall=0.0051 q=0.0203 rev=0.4358 ord=0.1582
  ep2 step1680/2461 overall=0.0051 q=0.0203 rev=0.4358 ord=0.1581
  ep2 step1700/2461 overall=0.0051 q=0.0203 rev=0.4357 ord=0.1582
  ep2 step1720/2461 overall=0.0051 q=0.0203 rev=0.4360 ord=0.1582
  ep2 step1740/2461 overall=0.0051 q=0.0203 rev=0.4361 ord=0.1582
  ep2 step1760/2461 overall=0.0051 q=0.0203 rev=0.4361 ord=0.1582
  ep2 step1780/2461 overall=0.0051 q=0.0203 rev=0.4363 ord=0.1584
  ep2 step1800/2461 overall=0.0051 q=0.0203 rev=0.4362 ord=0.1585
  ep2 step1820/2461 overall=0.0051 q=0.0203 rev=0.4362 ord=0.1584
  ep2 step1840/2461 overall=0.0051 q=0.0203 rev=0.4361 ord=0.1585
  ep2 step1860/2461 overall=0.0051 q=0.0203 rev=0.4362 ord=0.1585
  ep2 step1880/2461 overall=0.0051 q=0.0203 rev=0.4362 ord=0.1584
  ep2 step1900/2461 overall=0.0051 q=0.0203 rev=0.4361 ord=0.1585
  ep2 step1920/2461 overall=0.0051 q=0.0203 rev=0.4360 ord=0.1586
  ep2 step1940/2461 overall=0.0051 q=0.0203 rev=0.4360 ord=0.1586
  ep2 step1960/2461 overall=0.0051 q=0.0202 rev=0.4361 ord=0.1585
  ep2 step1980/2461 overall=0.0051 q=0.0202 rev=0.4361 ord=0.1584
  ep2 step2000/2461 overall=0.0051 q=0.0202 rev=0.4360 ord=0.1584
  ep2 step2020/2461 overall=0.0050 q=0.0202 rev=0.4361 ord=0.1586
  ep2 step2040/2461 overall=0.0050 q=0.0202 rev=0.4361 ord=0.1586
  ep2 step2060/2461 overall=0.0050 q=0.0202 rev=0.4360 ord=0.1586
  ep2 step2080/2461 overall=0.0050 q=0.0202 rev=0.4358 ord=0.1585
  ep2 step2100/2461 overall=0.0050 q=0.0202 rev=0.4358 ord=0.1585
  ep2 step2120/2461 overall=0.0050 q=0.0202 rev=0.4357 ord=0.1587
  ep2 step2140/2461 overall=0.0051 q=0.0202 rev=0.4356 ord=0.1586
  ep2 step2160/2461 overall=0.0050 q=0.0202 rev=0.4356 ord=0.1587
  ep2 step2180/2461 overall=0.0050 q=0.0202 rev=0.4355 ord=0.1588
  ep2 step2200/2461 overall=0.0050 q=0.0202 rev=0.4354 ord=0.1589
  ep2 step2220/2461 overall=0.0050 q=0.0202 rev=0.4355 ord=0.1592
  ep2 step2240/2461 overall=0.0050 q=0.0202 rev=0.4354 ord=0.1592
  ep2 step2260/2461 overall=0.0050 q=0.0202 rev=0.4354 ord=0.1591
  ep2 step2280/2461 overall=0.0050 q=0.0202 rev=0.4354 ord=0.1589
  ep2 step2300/2461 overall=0.0050 q=0.0202 rev=0.4355 ord=0.1590
  ep2 step2320/2461 overall=0.0050 q=0.0202 rev=0.4354 ord=0.1589
  ep2 step2340/2461 overall=0.0050 q=0.0202 rev=0.4354 ord=0.1587
  ep2 step2360/2461 overall=0.0050 q=0.0202 rev=0.4354 ord=0.1588
  ep2 step2380/2461 overall=0.0050 q=0.0202 rev=0.4354 ord=0.1588
  ep2 step2400/2461 overall=0.0050 q=0.0202 rev=0.4352 ord=0.1588
  ep2 step2420/2461 overall=0.0050 q=0.0202 rev=0.4351 ord=0.1587
  ep2 step2440/2461 overall=0.0050 q=0.0202 rev=0.4351 ord=0.1588
  ep2 step2460/2461 overall=0.0050 q=0.0202 rev=0.4352 ord=0.1589
epoch 2: overall=0.0050 q=0.0202 rev=0.4352 ord=0.1589 (1726s)
checkpoint -> checkpoints/chandra_scorer.pt
  ep3 step0/2461 overall=0.0060 q=0.0205 rev=0.4676 ord=0.2150
  ep3 step20/2461 overall=0.0050 q=0.0197 rev=0.4278 ord=0.1656
  ep3 step40/2461 overall=0.0049 q=0.0199 rev=0.4375 ord=0.1583
  ep3 step60/2461 overall=0.0051 q=0.0198 rev=0.4329 ord=0.1551
  ep3 step80/2461 overall=0.0050 q=0.0199 rev=0.4324 ord=0.1586
  ep3 step100/2461 overall=0.0050 q=0.0199 rev=0.4341 ord=0.1624
  ep3 step120/2461 overall=0.0051 q=0.0200 rev=0.4335 ord=0.1625
  ep3 step140/2461 overall=0.0050 q=0.0199 rev=0.4335 ord=0.1600
  ep3 step160/2461 overall=0.0050 q=0.0200 rev=0.4330 ord=0.1596
  ep3 step180/2461 overall=0.0050 q=0.0200 rev=0.4337 ord=0.1598
  ep3 step200/2461 overall=0.0049 q=0.0200 rev=0.4340 ord=0.1578
  ep3 step220/2461 overall=0.0049 q=0.0200 rev=0.4344 ord=0.1559
  ep3 step240/2461 overall=0.0049 q=0.0200 rev=0.4353 ord=0.1556
  ep3 step260/2461 overall=0.0049 q=0.0200 rev=0.4344 ord=0.1570
  ep3 step280/2461 overall=0.0048 q=0.0199 rev=0.4336 ord=0.1564
  ep3 step300/2461 overall=0.0049 q=0.0199 rev=0.4343 ord=0.1565
  ep3 step320/2461 overall=0.0048 q=0.0199 rev=0.4343 ord=0.1560
  ep3 step340/2461 overall=0.0048 q=0.0199 rev=0.4345 ord=0.1558
  ep3 step360/2461 overall=0.0048 q=0.0199 rev=0.4345 ord=0.1557
  ep3 step380/2461 overall=0.0048 q=0.0198 rev=0.4354 ord=0.1562
  ep3 step400/2461 overall=0.0048 q=0.0198 rev=0.4349 ord=0.1565
  ep3 step420/2461 overall=0.0048 q=0.0198 rev=0.4346 ord=0.1564
  ep3 step440/2461 overall=0.0048 q=0.0198 rev=0.4340 ord=0.1562
  ep3 step460/2461 overall=0.0048 q=0.0198 rev=0.4339 ord=0.1563
  ep3 step480/2461 overall=0.0048 q=0.0198 rev=0.4348 ord=0.1569
  ep3 step500/2461 overall=0.0048 q=0.0198 rev=0.4345 ord=0.1570
  ep3 step520/2461 overall=0.0048 q=0.0198 rev=0.4342 ord=0.1572
  ep3 step540/2461 overall=0.0048 q=0.0197 rev=0.4337 ord=0.1575
  ep3 step560/2461 overall=0.0047 q=0.0197 rev=0.4340 ord=0.1576
  ep3 step580/2461 overall=0.0047 q=0.0197 rev=0.4333 ord=0.1569
  ep3 step600/2461 overall=0.0048 q=0.0197 rev=0.4334 ord=0.1572
  ep3 step620/2461 overall=0.0048 q=0.0197 rev=0.4339 ord=0.1570
  ep3 step640/2461 overall=0.0048 q=0.0197 rev=0.4342 ord=0.1566
  ep3 step660/2461 overall=0.0048 q=0.0197 rev=0.4342 ord=0.1571
  ep3 step680/2461 overall=0.0048 q=0.0197 rev=0.4337 ord=0.1572
  ep3 step700/2461 overall=0.0048 q=0.0197 rev=0.4336 ord=0.1575
  ep3 step720/2461 overall=0.0048 q=0.0197 rev=0.4336 ord=0.1580
  ep3 step740/2461 overall=0.0048 q=0.0197 rev=0.4337 ord=0.1585
  ep3 step760/2461 overall=0.0048 q=0.0197 rev=0.4339 ord=0.1587
  ep3 step780/2461 overall=0.0048 q=0.0197 rev=0.4338 ord=0.1584
  ep3 step800/2461 overall=0.0048 q=0.0197 rev=0.4342 ord=0.1579
  ep3 step820/2461 overall=0.0048 q=0.0197 rev=0.4340 ord=0.1579
  ep3 step840/2461 overall=0.0048 q=0.0198 rev=0.4345 ord=0.1582
  ep3 step860/2461 overall=0.0048 q=0.0198 rev=0.4345 ord=0.1581
  ep3 step880/2461 overall=0.0048 q=0.0198 rev=0.4347 ord=0.1586
  ep3 step900/2461 overall=0.0048 q=0.0198 rev=0.4346 ord=0.1586
  ep3 step920/2461 overall=0.0048 q=0.0198 rev=0.4344 ord=0.1588
  ep3 step940/2461 overall=0.0047 q=0.0198 rev=0.4341 ord=0.1589
  ep3 step960/2461 overall=0.0048 q=0.0198 rev=0.4342 ord=0.1589
  ep3 step980/2461 overall=0.0048 q=0.0198 rev=0.4339 ord=0.1590
  ep3 step1000/2461 overall=0.0048 q=0.0198 rev=0.4338 ord=0.1595
  ep3 step1020/2461 overall=0.0048 q=0.0198 rev=0.4338 ord=0.1591
  ep3 step1040/2461 overall=0.0048 q=0.0198 rev=0.4336 ord=0.1592
  ep3 step1060/2461 overall=0.0048 q=0.0198 rev=0.4339 ord=0.1591
  ep3 step1080/2461 overall=0.0048 q=0.0198 rev=0.4340 ord=0.1591
  ep3 step1100/2461 overall=0.0048 q=0.0198 rev=0.4340 ord=0.1590
  ep3 step1120/2461 overall=0.0048 q=0.0198 rev=0.4342 ord=0.1590
  ep3 step1140/2461 overall=0.0048 q=0.0198 rev=0.4342 ord=0.1588
  ep3 step1160/2461 overall=0.0048 q=0.0198 rev=0.4343 ord=0.1588
  ep3 step1180/2461 overall=0.0048 q=0.0198 rev=0.4341 ord=0.1586
  ep3 step1200/2461 overall=0.0048 q=0.0198 rev=0.4342 ord=0.1582
  ep3 step1220/2461 overall=0.0048 q=0.0198 rev=0.4344 ord=0.1582
  ep3 step1240/2461 overall=0.0048 q=0.0198 rev=0.4343 ord=0.1579
  ep3 step1260/2461 overall=0.0048 q=0.0198 rev=0.4344 ord=0.1578
  ep3 step1280/2461 overall=0.0048 q=0.0198 rev=0.4344 ord=0.1578
  ep3 step1300/2461 overall=0.0048 q=0.0198 rev=0.4344 ord=0.1575
  ep3 step1320/2461 overall=0.0048 q=0.0198 rev=0.4342 ord=0.1574
  ep3 step1340/2461 overall=0.0048 q=0.0198 rev=0.4341 ord=0.1571
  ep3 step1360/2461 overall=0.0048 q=0.0198 rev=0.4341 ord=0.1573
  ep3 step1380/2461 overall=0.0048 q=0.0198 rev=0.4341 ord=0.1572
  ep3 step1400/2461 overall=0.0048 q=0.0198 rev=0.4343 ord=0.1574
  ep3 step1420/2461 overall=0.0048 q=0.0198 rev=0.4342 ord=0.1576
  ep3 step1440/2461 overall=0.0048 q=0.0198 rev=0.4342 ord=0.1575
  ep3 step1460/2461 overall=0.0048 q=0.0198 rev=0.4340 ord=0.1576
  ep3 step1480/2461 overall=0.0048 q=0.0198 rev=0.4339 ord=0.1574
  ep3 step1500/2461 overall=0.0048 q=0.0198 rev=0.4341 ord=0.1572
  ep3 step1520/2461 overall=0.0048 q=0.0198 rev=0.4343 ord=0.1571
  ep3 step1540/2461 overall=0.0048 q=0.0198 rev=0.4344 ord=0.1570
  ep3 step1560/2461 overall=0.0048 q=0.0198 rev=0.4342 ord=0.1569
  ep3 step1580/2461 overall=0.0048 q=0.0198 rev=0.4345 ord=0.1568
  ep3 step1600/2461 overall=0.0048 q=0.0198 rev=0.4343 ord=0.1567
  ep3 step1620/2461 overall=0.0048 q=0.0198 rev=0.4342 ord=0.1567
  ep3 step1640/2461 overall=0.0048 q=0.0198 rev=0.4344 ord=0.1566
  ep3 step1660/2461 overall=0.0048 q=0.0198 rev=0.4343 ord=0.1568
  ep3 step1680/2461 overall=0.0048 q=0.0198 rev=0.4342 ord=0.1567
  ep3 step1700/2461 overall=0.0048 q=0.0198 rev=0.4343 ord=0.1569
  ep3 step1720/2461 overall=0.0048 q=0.0198 rev=0.4344 ord=0.1572
  ep3 step1740/2461 overall=0.0048 q=0.0198 rev=0.4344 ord=0.1572
  ep3 step1760/2461 overall=0.0048 q=0.0198 rev=0.4346 ord=0.1572
  ep3 step1780/2461 overall=0.0048 q=0.0198 rev=0.4346 ord=0.1573
  ep3 step1800/2461 overall=0.0048 q=0.0198 rev=0.4345 ord=0.1573
  ep3 step1820/2461 overall=0.0048 q=0.0198 rev=0.4345 ord=0.1573
  ep3 step1840/2461 overall=0.0048 q=0.0198 rev=0.4345 ord=0.1574
  ep3 step1860/2461 overall=0.0048 q=0.0198 rev=0.4345 ord=0.1576
  ep3 step1880/2461 overall=0.0048 q=0.0198 rev=0.4346 ord=0.1574
  ep3 step1900/2461 overall=0.0048 q=0.0198 rev=0.4345 ord=0.1574
  ep3 step1920/2461 overall=0.0048 q=0.0198 rev=0.4344 ord=0.1575
  ep3 step1940/2461 overall=0.0048 q=0.0198 rev=0.4344 ord=0.1574
  ep3 step1960/2461 overall=0.0048 q=0.0198 rev=0.4343 ord=0.1577
  ep3 step1980/2461 overall=0.0048 q=0.0198 rev=0.4344 ord=0.1578
  ep3 step2000/2461 overall=0.0048 q=0.0198 rev=0.4345 ord=0.1578
  ep3 step2020/2461 overall=0.0048 q=0.0198 rev=0.4343 ord=0.1577
  ep3 step2040/2461 overall=0.0048 q=0.0198 rev=0.4343 ord=0.1579
  ep3 step2060/2461 overall=0.0048 q=0.0198 rev=0.4343 ord=0.1579
  ep3 step2080/2461 overall=0.0048 q=0.0198 rev=0.4345 ord=0.1580
  ep3 step2100/2461 overall=0.0048 q=0.0198 rev=0.4344 ord=0.1580
  ep3 step2120/2461 overall=0.0048 q=0.0198 rev=0.4343 ord=0.1581
  ep3 step2140/2461 overall=0.0048 q=0.0198 rev=0.4343 ord=0.1578
  ep3 step2160/2461 overall=0.0048 q=0.0198 rev=0.4343 ord=0.1580
  ep3 step2180/2461 overall=0.0048 q=0.0198 rev=0.4344 ord=0.1579
  ep3 step2200/2461 overall=0.0048 q=0.0198 rev=0.4343 ord=0.1579
  ep3 step2220/2461 overall=0.0048 q=0.0198 rev=0.4345 ord=0.1580
  ep3 step2240/2461 overall=0.0048 q=0.0198 rev=0.4345 ord=0.1580
  ep3 step2260/2461 overall=0.0048 q=0.0198 rev=0.4344 ord=0.1581
  ep3 step2280/2461 overall=0.0048 q=0.0198 rev=0.4344 ord=0.1580
  ep3 step2300/2461 overall=0.0048 q=0.0198 rev=0.4344 ord=0.1581
  ep3 step2320/2461 overall=0.0048 q=0.0198 rev=0.4344 ord=0.1581
  ep3 step2340/2461 overall=0.0048 q=0.0198 rev=0.4345 ord=0.1582
  ep3 step2360/2461 overall=0.0048 q=0.0198 rev=0.4346 ord=0.1581
  ep3 step2380/2461 overall=0.0048 q=0.0198 rev=0.4345 ord=0.1583
  ep3 step2400/2461 overall=0.0048 q=0.0198 rev=0.4343 ord=0.1584
  ep3 step2420/2461 overall=0.0048 q=0.0198 rev=0.4344 ord=0.1583
  ep3 step2440/2461 overall=0.0048 q=0.0198 rev=0.4344 ord=0.1584
  ep3 step2460/2461 overall=0.0048 q=0.0198 rev=0.4342 ord=0.1581
epoch 3: overall=0.0048 q=0.0198 rev=0.4342 ord=0.1581 (1723s)
checkpoint -> checkpoints/chandra_scorer.pt
  ep4 step0/2461 overall=0.0036 q=0.0218 rev=0.4921 ord=0.2976
  ep4 step20/2461 overall=0.0053 q=0.0195 rev=0.4278 ord=0.1549
  ep4 step40/2461 overall=0.0050 q=0.0194 rev=0.4238 ord=0.1582
  ep4 step60/2461 overall=0.0050 q=0.0196 rev=0.4299 ord=0.1605
  ep4 step80/2461 overall=0.0050 q=0.0196 rev=0.4271 ord=0.1606
  ep4 step100/2461 overall=0.0050 q=0.0196 rev=0.4269 ord=0.1639
  ep4 step120/2461 overall=0.0051 q=0.0196 rev=0.4275 ord=0.1612
  ep4 step140/2461 overall=0.0050 q=0.0195 rev=0.4257 ord=0.1628
  ep4 step160/2461 overall=0.0050 q=0.0195 rev=0.4244 ord=0.1639
  ep4 step180/2461 overall=0.0050 q=0.0196 rev=0.4262 ord=0.1631
  ep4 step200/2461 overall=0.0049 q=0.0196 rev=0.4272 ord=0.1646
  ep4 step220/2461 overall=0.0049 q=0.0195 rev=0.4272 ord=0.1606
  ep4 step240/2461 overall=0.0048 q=0.0196 rev=0.4266 ord=0.1619
  ep4 step260/2461 overall=0.0049 q=0.0196 rev=0.4264 ord=0.1617
  ep4 step280/2461 overall=0.0048 q=0.0196 rev=0.4269 ord=0.1613
  ep4 step300/2461 overall=0.0048 q=0.0196 rev=0.4277 ord=0.1598
  ep4 step320/2461 overall=0.0049 q=0.0197 rev=0.4278 ord=0.1600
  ep4 step340/2461 overall=0.0048 q=0.0196 rev=0.4279 ord=0.1603
  ep4 step360/2461 overall=0.0048 q=0.0197 rev=0.4284 ord=0.1596
  ep4 step380/2461 overall=0.0048 q=0.0196 rev=0.4279 ord=0.1595
  ep4 step400/2461 overall=0.0048 q=0.0197 rev=0.4283 ord=0.1580
  ep4 step420/2461 overall=0.0047 q=0.0196 rev=0.4291 ord=0.1590
  ep4 step440/2461 overall=0.0047 q=0.0196 rev=0.4281 ord=0.1589
  ep4 step460/2461 overall=0.0047 q=0.0196 rev=0.4286 ord=0.1592
  ep4 step480/2461 overall=0.0047 q=0.0196 rev=0.4294 ord=0.1597
  ep4 step500/2461 overall=0.0047 q=0.0196 rev=0.4296 ord=0.1595
  ep4 step520/2461 overall=0.0047 q=0.0196 rev=0.4303 ord=0.1588
  ep4 step540/2461 overall=0.0047 q=0.0196 rev=0.4307 ord=0.1595
  ep4 step560/2461 overall=0.0047 q=0.0196 rev=0.4307 ord=0.1593
  ep4 step580/2461 overall=0.0047 q=0.0196 rev=0.4316 ord=0.1587
  ep4 step600/2461 overall=0.0047 q=0.0196 rev=0.4317 ord=0.1581
  ep4 step620/2461 overall=0.0047 q=0.0196 rev=0.4323 ord=0.1575
  ep4 step640/2461 overall=0.0047 q=0.0196 rev=0.4327 ord=0.1582
  ep4 step660/2461 overall=0.0047 q=0.0196 rev=0.4326 ord=0.1579
  ep4 step680/2461 overall=0.0047 q=0.0196 rev=0.4325 ord=0.1575
  ep4 step700/2461 overall=0.0047 q=0.0196 rev=0.4326 ord=0.1572
  ep4 step720/2461 overall=0.0047 q=0.0196 rev=0.4320 ord=0.1569
  ep4 step740/2461 overall=0.0046 q=0.0196 rev=0.4321 ord=0.1573
  ep4 step760/2461 overall=0.0047 q=0.0196 rev=0.4319 ord=0.1567
  ep4 step780/2461 overall=0.0047 q=0.0196 rev=0.4320 ord=0.1572
  ep4 step800/2461 overall=0.0047 q=0.0196 rev=0.4316 ord=0.1567
  ep4 step820/2461 overall=0.0047 q=0.0196 rev=0.4319 ord=0.1568
  ep4 step840/2461 overall=0.0047 q=0.0196 rev=0.4318 ord=0.1570
  ep4 step860/2461 overall=0.0047 q=0.0196 rev=0.4315 ord=0.1566
  ep4 step880/2461 overall=0.0047 q=0.0196 rev=0.4320 ord=0.1568
  ep4 step900/2461 overall=0.0047 q=0.0196 rev=0.4317 ord=0.1566
  ep4 step920/2461 overall=0.0047 q=0.0196 rev=0.4316 ord=0.1568
  ep4 step940/2461 overall=0.0047 q=0.0196 rev=0.4317 ord=0.1571
  ep4 step960/2461 overall=0.0047 q=0.0196 rev=0.4317 ord=0.1577
  ep4 step980/2461 overall=0.0047 q=0.0196 rev=0.4317 ord=0.1577
  ep4 step1000/2461 overall=0.0047 q=0.0196 rev=0.4316 ord=0.1577
  ep4 step1020/2461 overall=0.0046 q=0.0196 rev=0.4317 ord=0.1579
  ep4 step1040/2461 overall=0.0047 q=0.0196 rev=0.4314 ord=0.1578
  ep4 step1060/2461 overall=0.0047 q=0.0196 rev=0.4314 ord=0.1579
  ep4 step1080/2461 overall=0.0047 q=0.0196 rev=0.4317 ord=0.1579
  ep4 step1100/2461 overall=0.0047 q=0.0196 rev=0.4315 ord=0.1581
  ep4 step1120/2461 overall=0.0047 q=0.0196 rev=0.4314 ord=0.1582
  ep4 step1140/2461 overall=0.0047 q=0.0196 rev=0.4315 ord=0.1583
  ep4 step1160/2461 overall=0.0047 q=0.0196 rev=0.4314 ord=0.1582
  ep4 step1180/2461 overall=0.0047 q=0.0196 rev=0.4314 ord=0.1582
  ep4 step1200/2461 overall=0.0046 q=0.0196 rev=0.4314 ord=0.1579
  ep4 step1220/2461 overall=0.0047 q=0.0196 rev=0.4314 ord=0.1574
  ep4 step1240/2461 overall=0.0046 q=0.0196 rev=0.4313 ord=0.1575
  ep4 step1260/2461 overall=0.0046 q=0.0196 rev=0.4313 ord=0.1575
  ep4 step1280/2461 overall=0.0046 q=0.0196 rev=0.4312 ord=0.1576
  ep4 step1300/2461 overall=0.0047 q=0.0196 rev=0.4313 ord=0.1574
  ep4 step1320/2461 overall=0.0046 q=0.0196 rev=0.4310 ord=0.1572
  ep4 step1340/2461 overall=0.0046 q=0.0196 rev=0.4308 ord=0.1572
  ep4 step1360/2461 overall=0.0046 q=0.0196 rev=0.4308 ord=0.1574
  ep4 step1380/2461 overall=0.0046 q=0.0196 rev=0.4308 ord=0.1573
  ep4 step1400/2461 overall=0.0046 q=0.0196 rev=0.4306 ord=0.1572
  ep4 step1420/2461 overall=0.0047 q=0.0196 rev=0.4309 ord=0.1571
  ep4 step1440/2461 overall=0.0046 q=0.0196 rev=0.4310 ord=0.1570
  ep4 step1460/2461 overall=0.0046 q=0.0195 rev=0.4309 ord=0.1570
  ep4 step1480/2461 overall=0.0046 q=0.0195 rev=0.4308 ord=0.1570
  ep4 step1500/2461 overall=0.0046 q=0.0195 rev=0.4308 ord=0.1571
  ep4 step1520/2461 overall=0.0046 q=0.0195 rev=0.4308 ord=0.1572
  ep4 step1540/2461 overall=0.0047 q=0.0195 rev=0.4307 ord=0.1573
  ep4 step1560/2461 overall=0.0047 q=0.0195 rev=0.4308 ord=0.1572
  ep4 step1580/2461 overall=0.0047 q=0.0196 rev=0.4308 ord=0.1568
  ep4 step1600/2461 overall=0.0047 q=0.0195 rev=0.4311 ord=0.1567
  ep4 step1620/2461 overall=0.0047 q=0.0196 rev=0.4310 ord=0.1562
  ep4 step1640/2461 overall=0.0047 q=0.0196 rev=0.4310 ord=0.1564
  ep4 step1660/2461 overall=0.0047 q=0.0195 rev=0.4310 ord=0.1566
  ep4 step1680/2461 overall=0.0047 q=0.0196 rev=0.4312 ord=0.1566
  ep4 step1700/2461 overall=0.0047 q=0.0195 rev=0.4312 ord=0.1565
  ep4 step1720/2461 overall=0.0047 q=0.0196 rev=0.4315 ord=0.1566
  ep4 step1740/2461 overall=0.0047 q=0.0196 rev=0.4316 ord=0.1564
  ep4 step1760/2461 overall=0.0047 q=0.0196 rev=0.4314 ord=0.1561
  ep4 step1780/2461 overall=0.0047 q=0.0196 rev=0.4315 ord=0.1563
  ep4 step1800/2461 overall=0.0047 q=0.0196 rev=0.4313 ord=0.1564
  ep4 step1820/2461 overall=0.0047 q=0.0196 rev=0.4313 ord=0.1566
  ep4 step1840/2461 overall=0.0047 q=0.0196 rev=0.4314 ord=0.1565
  ep4 step1860/2461 overall=0.0047 q=0.0196 rev=0.4314 ord=0.1564
  ep4 step1880/2461 overall=0.0047 q=0.0196 rev=0.4313 ord=0.1563
  ep4 step1900/2461 overall=0.0047 q=0.0196 rev=0.4315 ord=0.1562
  ep4 step1920/2461 overall=0.0047 q=0.0196 rev=0.4313 ord=0.1560
  ep4 step1940/2461 overall=0.0047 q=0.0196 rev=0.4313 ord=0.1561
  ep4 step1960/2461 overall=0.0046 q=0.0195 rev=0.4311 ord=0.1560
  ep4 step1980/2461 overall=0.0046 q=0.0196 rev=0.4313 ord=0.1560
  ep4 step2000/2461 overall=0.0046 q=0.0196 rev=0.4315 ord=0.1563
  ep4 step2020/2461 overall=0.0046 q=0.0196 rev=0.4313 ord=0.1563
  ep4 step2040/2461 overall=0.0046 q=0.0196 rev=0.4314 ord=0.1563
  ep4 step2060/2461 overall=0.0046 q=0.0196 rev=0.4314 ord=0.1563
  ep4 step2080/2461 overall=0.0046 q=0.0196 rev=0.4314 ord=0.1563
  ep4 step2100/2461 overall=0.0046 q=0.0196 rev=0.4313 ord=0.1564
  ep4 step2120/2461 overall=0.0046 q=0.0196 rev=0.4313 ord=0.1564
  ep4 step2140/2461 overall=0.0046 q=0.0196 rev=0.4312 ord=0.1564
  ep4 step2160/2461 overall=0.0046 q=0.0196 rev=0.4313 ord=0.1563
  ep4 step2180/2461 overall=0.0046 q=0.0196 rev=0.4312 ord=0.1560
  ep4 step2200/2461 overall=0.0046 q=0.0196 rev=0.4313 ord=0.1562
  ep4 step2220/2461 overall=0.0046 q=0.0196 rev=0.4313 ord=0.1562
  ep4 step2240/2461 overall=0.0046 q=0.0195 rev=0.4310 ord=0.1560
  ep4 step2260/2461 overall=0.0046 q=0.0195 rev=0.4310 ord=0.1561
  ep4 step2280/2461 overall=0.0046 q=0.0195 rev=0.4310 ord=0.1561
  ep4 step2300/2461 overall=0.0046 q=0.0195 rev=0.4310 ord=0.1561
  ep4 step2320/2461 overall=0.0046 q=0.0195 rev=0.4310 ord=0.1559
  ep4 step2340/2461 overall=0.0046 q=0.0195 rev=0.4308 ord=0.1559
  ep4 step2360/2461 overall=0.0046 q=0.0195 rev=0.4309 ord=0.1558
  ep4 step2380/2461 overall=0.0046 q=0.0195 rev=0.4309 ord=0.1557
  ep4 step2400/2461 overall=0.0046 q=0.0195 rev=0.4308 ord=0.1557
  ep4 step2420/2461 overall=0.0046 q=0.0195 rev=0.4308 ord=0.1559
  ep4 step2440/2461 overall=0.0046 q=0.0195 rev=0.4308 ord=0.1557
  ep4 step2460/2461 overall=0.0046 q=0.0195 rev=0.4309 ord=0.1558
epoch 4: overall=0.0046 q=0.0195 rev=0.4309 ord=0.1558 (1715s)
checkpoint -> checkpoints/chandra_scorer.pt
  ep5 step0/2461 overall=0.0023 q=0.0192 rev=0.4361 ord=0.1167
  ep5 step20/2461 overall=0.0039 q=0.0196 rev=0.4214 ord=0.1596
  ep5 step40/2461 overall=0.0040 q=0.0195 rev=0.4290 ord=0.1584
  ep5 step60/2461 overall=0.0040 q=0.0195 rev=0.4321 ord=0.1589
  ep5 step80/2461 overall=0.0041 q=0.0194 rev=0.4293 ord=0.1603
  ep5 step100/2461 overall=0.0042 q=0.0195 rev=0.4319 ord=0.1603
  ep5 step120/2461 overall=0.0042 q=0.0194 rev=0.4288 ord=0.1571
  ep5 step140/2461 overall=0.0045 q=0.0196 rev=0.4308 ord=0.1582
  ep5 step160/2461 overall=0.0044 q=0.0196 rev=0.4291 ord=0.1576
  ep5 step180/2461 overall=0.0045 q=0.0195 rev=0.4277 ord=0.1583
  ep5 step200/2461 overall=0.0045 q=0.0195 rev=0.4284 ord=0.1581
  ep5 step220/2461 overall=0.0046 q=0.0196 rev=0.4287 ord=0.1574
  ep5 step240/2461 overall=0.0046 q=0.0195 rev=0.4292 ord=0.1575
  ep5 step260/2461 overall=0.0046 q=0.0196 rev=0.4298 ord=0.1579
  ep5 step280/2461 overall=0.0046 q=0.0196 rev=0.4298 ord=0.1574
  ep5 step300/2461 overall=0.0046 q=0.0195 rev=0.4296 ord=0.1579
  ep5 step320/2461 overall=0.0046 q=0.0195 rev=0.4293 ord=0.1564
  ep5 step340/2461 overall=0.0046 q=0.0195 rev=0.4292 ord=0.1566
  ep5 step360/2461 overall=0.0046 q=0.0195 rev=0.4279 ord=0.1556
  ep5 step380/2461 overall=0.0045 q=0.0195 rev=0.4279 ord=0.1565
  ep5 step400/2461 overall=0.0045 q=0.0194 rev=0.4268 ord=0.1565
  ep5 step420/2461 overall=0.0045 q=0.0195 rev=0.4278 ord=0.1561
  ep5 step440/2461 overall=0.0045 q=0.0195 rev=0.4269 ord=0.1570
  ep5 step460/2461 overall=0.0045 q=0.0195 rev=0.4270 ord=0.1565
  ep5 step480/2461 overall=0.0045 q=0.0194 rev=0.4274 ord=0.1565
  ep5 step500/2461 overall=0.0045 q=0.0194 rev=0.4273 ord=0.1567
  ep5 step520/2461 overall=0.0044 q=0.0194 rev=0.4272 ord=0.1568
  ep5 step540/2461 overall=0.0045 q=0.0194 rev=0.4278 ord=0.1567
  ep5 step560/2461 overall=0.0044 q=0.0194 rev=0.4276 ord=0.1570
  ep5 step580/2461 overall=0.0044 q=0.0194 rev=0.4279 ord=0.1572
  ep5 step600/2461 overall=0.0044 q=0.0194 rev=0.4286 ord=0.1576
  ep5 step620/2461 overall=0.0044 q=0.0194 rev=0.4284 ord=0.1576
  ep5 step640/2461 overall=0.0044 q=0.0194 rev=0.4287 ord=0.1575
  ep5 step660/2461 overall=0.0044 q=0.0194 rev=0.4288 ord=0.1576
  ep5 step680/2461 overall=0.0044 q=0.0193 rev=0.4286 ord=0.1576
  ep5 step700/2461 overall=0.0044 q=0.0194 rev=0.4291 ord=0.1574
  ep5 step720/2461 overall=0.0044 q=0.0194 rev=0.4290 ord=0.1574
  ep5 step740/2461 overall=0.0044 q=0.0194 rev=0.4292 ord=0.1574
  ep5 step760/2461 overall=0.0044 q=0.0194 rev=0.4292 ord=0.1574
  ep5 step780/2461 overall=0.0044 q=0.0194 rev=0.4293 ord=0.1576
  ep5 step800/2461 overall=0.0044 q=0.0194 rev=0.4296 ord=0.1576
  ep5 step820/2461 overall=0.0044 q=0.0194 rev=0.4296 ord=0.1570
  ep5 step840/2461 overall=0.0044 q=0.0193 rev=0.4292 ord=0.1566
  ep5 step860/2461 overall=0.0044 q=0.0194 rev=0.4294 ord=0.1567
  ep5 step880/2461 overall=0.0044 q=0.0193 rev=0.4296 ord=0.1565
  ep5 step900/2461 overall=0.0044 q=0.0194 rev=0.4294 ord=0.1571
  ep5 step920/2461 overall=0.0044 q=0.0194 rev=0.4295 ord=0.1575
  ep5 step940/2461 overall=0.0044 q=0.0193 rev=0.4292 ord=0.1573
  ep5 step960/2461 overall=0.0044 q=0.0194 rev=0.4296 ord=0.1575
  ep5 step980/2461 overall=0.0044 q=0.0194 rev=0.4296 ord=0.1575
  ep5 step1000/2461 overall=0.0044 q=0.0194 rev=0.4295 ord=0.1578
  ep5 step1020/2461 overall=0.0044 q=0.0194 rev=0.4298 ord=0.1582
  ep5 step1040/2461 overall=0.0044 q=0.0194 rev=0.4301 ord=0.1586
  ep5 step1060/2461 overall=0.0044 q=0.0194 rev=0.4301 ord=0.1584
  ep5 step1080/2461 overall=0.0044 q=0.0194 rev=0.4300 ord=0.1584
  ep5 step1100/2461 overall=0.0044 q=0.0194 rev=0.4299 ord=0.1580
  ep5 step1120/2461 overall=0.0044 q=0.0194 rev=0.4299 ord=0.1579
  ep5 step1140/2461 overall=0.0044 q=0.0194 rev=0.4298 ord=0.1578
  ep5 step1160/2461 overall=0.0044 q=0.0194 rev=0.4300 ord=0.1577
  ep5 step1180/2461 overall=0.0044 q=0.0194 rev=0.4301 ord=0.1575
  ep5 step1200/2461 overall=0.0044 q=0.0194 rev=0.4299 ord=0.1574
  ep5 step1220/2461 overall=0.0043 q=0.0194 rev=0.4297 ord=0.1573
  ep5 step1240/2461 overall=0.0043 q=0.0194 rev=0.4300 ord=0.1573
  ep5 step1260/2461 overall=0.0043 q=0.0194 rev=0.4299 ord=0.1576
  ep5 step1280/2461 overall=0.0044 q=0.0194 rev=0.4299 ord=0.1579
  ep5 step1300/2461 overall=0.0044 q=0.0194 rev=0.4301 ord=0.1581
  ep5 step1320/2461 overall=0.0044 q=0.0194 rev=0.4303 ord=0.1581
  ep5 step1340/2461 overall=0.0044 q=0.0194 rev=0.4305 ord=0.1583
  ep5 step1360/2461 overall=0.0044 q=0.0194 rev=0.4305 ord=0.1585
  ep5 step1380/2461 overall=0.0044 q=0.0194 rev=0.4307 ord=0.1585
  ep5 step1400/2461 overall=0.0044 q=0.0194 rev=0.4306 ord=0.1585
  ep5 step1420/2461 overall=0.0044 q=0.0194 rev=0.4306 ord=0.1586
  ep5 step1440/2461 overall=0.0044 q=0.0194 rev=0.4305 ord=0.1589
  ep5 step1460/2461 overall=0.0044 q=0.0194 rev=0.4307 ord=0.1588
  ep5 step1480/2461 overall=0.0044 q=0.0194 rev=0.4309 ord=0.1590
  ep5 step1500/2461 overall=0.0044 q=0.0194 rev=0.4310 ord=0.1588
  ep5 step1520/2461 overall=0.0044 q=0.0194 rev=0.4312 ord=0.1589
  ep5 step1540/2461 overall=0.0044 q=0.0194 rev=0.4314 ord=0.1589
  ep5 step1560/2461 overall=0.0044 q=0.0194 rev=0.4313 ord=0.1590
  ep5 step1580/2461 overall=0.0044 q=0.0194 rev=0.4313 ord=0.1590
  ep5 step1600/2461 overall=0.0044 q=0.0194 rev=0.4313 ord=0.1592
  ep5 step1620/2461 overall=0.0044 q=0.0194 rev=0.4313 ord=0.1593
  ep5 step1640/2461 overall=0.0044 q=0.0194 rev=0.4312 ord=0.1592
  ep5 step1660/2461 overall=0.0044 q=0.0194 rev=0.4313 ord=0.1595
  ep5 step1680/2461 overall=0.0044 q=0.0194 rev=0.4312 ord=0.1596
  ep5 step1700/2461 overall=0.0044 q=0.0194 rev=0.4310 ord=0.1594
  ep5 step1720/2461 overall=0.0044 q=0.0194 rev=0.4309 ord=0.1592
  ep5 step1740/2461 overall=0.0044 q=0.0194 rev=0.4308 ord=0.1590
  ep5 step1760/2461 overall=0.0044 q=0.0194 rev=0.4308 ord=0.1589
  ep5 step1780/2461 overall=0.0044 q=0.0194 rev=0.4310 ord=0.1588
  ep5 step1800/2461 overall=0.0044 q=0.0194 rev=0.4311 ord=0.1587
  ep5 step1820/2461 overall=0.0044 q=0.0194 rev=0.4312 ord=0.1586
  ep5 step1840/2461 overall=0.0044 q=0.0194 rev=0.4313 ord=0.1584
  ep5 step1860/2461 overall=0.0044 q=0.0194 rev=0.4314 ord=0.1585
  ep5 step1880/2461 overall=0.0044 q=0.0194 rev=0.4314 ord=0.1585
  ep5 step1900/2461 overall=0.0044 q=0.0194 rev=0.4315 ord=0.1584
  ep5 step1920/2461 overall=0.0044 q=0.0194 rev=0.4315 ord=0.1584
  ep5 step1940/2461 overall=0.0044 q=0.0194 rev=0.4315 ord=0.1582
  ep5 step1960/2461 overall=0.0044 q=0.0194 rev=0.4315 ord=0.1580
  ep5 step1980/2461 overall=0.0044 q=0.0194 rev=0.4315 ord=0.1578
  ep5 step2000/2461 overall=0.0044 q=0.0194 rev=0.4315 ord=0.1577
  ep5 step2020/2461 overall=0.0044 q=0.0194 rev=0.4314 ord=0.1576
  ep5 step2040/2461 overall=0.0044 q=0.0194 rev=0.4314 ord=0.1577
  ep5 step2060/2461 overall=0.0044 q=0.0194 rev=0.4313 ord=0.1578
  ep5 step2080/2461 overall=0.0044 q=0.0194 rev=0.4313 ord=0.1579
  ep5 step2100/2461 overall=0.0044 q=0.0194 rev=0.4313 ord=0.1579
  ep5 step2120/2461 overall=0.0044 q=0.0194 rev=0.4313 ord=0.1581
  ep5 step2140/2461 overall=0.0044 q=0.0194 rev=0.4314 ord=0.1580
  ep5 step2160/2461 overall=0.0044 q=0.0194 rev=0.4315 ord=0.1578
  ep5 step2180/2461 overall=0.0044 q=0.0194 rev=0.4313 ord=0.1578
  ep5 step2200/2461 overall=0.0044 q=0.0194 rev=0.4315 ord=0.1577
  ep5 step2220/2461 overall=0.0044 q=0.0194 rev=0.4313 ord=0.1575
  ep5 step2240/2461 overall=0.0044 q=0.0195 rev=0.4312 ord=0.1576
  ep5 step2260/2461 overall=0.0044 q=0.0195 rev=0.4312 ord=0.1577
  ep5 step2280/2461 overall=0.0044 q=0.0195 rev=0.4311 ord=0.1577
  ep5 step2300/2461 overall=0.0044 q=0.0194 rev=0.4310 ord=0.1577
  ep5 step2320/2461 overall=0.0044 q=0.0195 rev=0.4310 ord=0.1577
  ep5 step2340/2461 overall=0.0044 q=0.0195 rev=0.4308 ord=0.1578
  ep5 step2360/2461 overall=0.0044 q=0.0195 rev=0.4308 ord=0.1577
  ep5 step2380/2461 overall=0.0044 q=0.0195 rev=0.4308 ord=0.1577
  ep5 step2400/2461 overall=0.0044 q=0.0194 rev=0.4307 ord=0.1576
  ep5 step2420/2461 overall=0.0044 q=0.0194 rev=0.4307 ord=0.1577
  ep5 step2440/2461 overall=0.0044 q=0.0194 rev=0.4306 ord=0.1577
  ep5 step2460/2461 overall=0.0044 q=0.0194 rev=0.4306 ord=0.1577
epoch 5: overall=0.0044 q=0.0194 rev=0.4306 ord=0.1577 (1865s)
checkpoint -> checkpoints/chandra_scorer.pt
done. checkpoints/ 를 다운로드해 로컬 추론에 사용하세요.
